[ +252 ms] Artifact Instance of 'MaterialFonts' is not required, skipping update.
[   +1 ms] Artifact Instance of 'GradleWrapper' is not required, skipping update.
[        ] Artifact Instance of 'AndroidGenSnapshotArtifacts' is not required, skipping update.
[        ] Artifact Instance of 'AndroidInternalBuildArtifacts' is not required, skipping update.
[        ] Artifact Instance of 'IOSEngineArtifacts' is not required, skipping update.
[        ] Artifact Instance of 'FlutterWebSdk' is not required, skipping update.
[   +1 ms] Artifact Instance of 'LegacyCanvasKitRemover' is not required, skipping update.
[        ] Artifact Instance of 'FlutterSdk' is not required, skipping update.
[        ] Artifact Instance of 'WindowsEngineArtifacts' is not required, skipping update.
[        ] Artifact Instance of 'MacOSEngineArtifacts' is not required, skipping update.
[        ] Artifact Instance of 'LinuxEngineArtifacts' is not required, skipping update.
[        ] Artifact Instance of 'LinuxFuchsiaSDKArtifacts' is not required, skipping update.
[        ] Artifact Instance of 'MacOSFuchsiaSDKArtifacts' is not required, skipping update.
[        ] Artifact Instance of 'FlutterRunnerSDKArtifacts' is not required, skipping update.
[        ] Artifact Instance of 'FlutterRunnerDebugSymbols' is not required, skipping update.
[        ] Artifact Instance of 'IosUsbArtifacts' is not required, skipping update.
[        ] Artifact Instance of 'IosUsbArtifacts' is not required, skipping update.
[        ] Artifact Instance of 'IosUsbArtifacts' is not required, skipping update.
[        ] Artifact Instance of 'IosUsbArtifacts' is not required, skipping update.
[        ] Artifact Instance of 'IosUsbArtifacts' is not required, skipping update.
[        ] Artifact Instance of 'IosUsbArtifacts' is not required, skipping update.
[        ] Artifact Instance of 'FontSubsetArtifacts' is not required, skipping update.
[        ] Artifact Instance of 'PubDependencies' is not required, skipping update.
[   +1 ms] executing: [C:\flutter/] git -c log.showSignature=false log HEAD -n 1 --pretty=format:%ad --date=iso
[  +75 ms] Exit code 0 from: git -c log.showSignature=false log HEAD -n 1 --pretty=format:%ad --date=iso
[        ] 2025-12-03 14:56:10 -0800
[  +40 ms] Artifact Instance of 'AndroidGenSnapshotArtifacts' is not required, skipping update.
[        ] Artifact Instance of 'AndroidInternalBuildArtifacts' is not required, skipping update.
[        ] Artifact Instance of 'IOSEngineArtifacts' is not required, skipping update.
[        ] Artifact Instance of 'FlutterWebSdk' is not required, skipping update.
[        ] Artifact Instance of 'FlutterEngineStamp' is not required, skipping update.
[        ] Artifact Instance of 'LegacyCanvasKitRemover' is not required, skipping update.
[   +4 ms] Artifact Instance of 'WindowsEngineArtifacts' is not required, skipping update.
[        ] Artifact Instance of 'MacOSEngineArtifacts' is not required, skipping update.
[        ] Artifact Instance of 'LinuxEngineArtifacts' is not required, skipping update.
[        ] Artifact Instance of 'LinuxFuchsiaSDKArtifacts' is not required, skipping update.
[        ] Artifact Instance of 'MacOSFuchsiaSDKArtifacts' is not required, skipping update.
[        ] Artifact Instance of 'FlutterRunnerSDKArtifacts' is not required, skipping update.
[        ] Artifact Instance of 'FlutterRunnerDebugSymbols' is not required, skipping update.
[  +53 ms] executing: C:\Users\Mohammed\AppData\Local\Android\sdk\platform-tools\adb.exe devices -l
[  +66 ms] List of devices attached
           AF2S024109000688       device product:REA-NX9 model:REA_NX9 device:HNREA transport_id:1
[   +5 ms] C:\Users\Mohammed\AppData\Local\Android\sdk\platform-tools\adb.exe -s AF2S024109000688 shell getprop
[ +104 ms] Artifact Instance of 'AndroidInternalBuildArtifacts' is not required, skipping update.
[        ] Artifact Instance of 'IOSEngineArtifacts' is not required, skipping update.
[   +1 ms] Artifact Instance of 'FlutterEngineStamp' is not required, skipping update.
[   +4 ms] Artifact Instance of 'MacOSEngineArtifacts' is not required, skipping update.
[        ] Artifact Instance of 'LinuxEngineArtifacts' is not required, skipping update.
[        ] Artifact Instance of 'LinuxFuchsiaSDKArtifacts' is not required, skipping update.
[        ] Artifact Instance of 'MacOSFuchsiaSDKArtifacts' is not required, skipping update.
[        ] Artifact Instance of 'FlutterRunnerSDKArtifacts' is not required, skipping update.
[        ] Artifact Instance of 'FlutterRunnerDebugSymbols' is not required, skipping update.
[ +108 ms] Skipping pub get: version match.
[ +164 ms] Found plugin window_manager at C:\Users\Mohammed\AppData\Local\Pub\Cache\hosted\pub.dev\window_manager-0.5.1\
[   +7 ms] Found plugin screen_retriever at C:\Users\Mohammed\AppData\Local\Pub\Cache\hosted\pub.dev\screen_retriever-0.2.0\
[   +2 ms] Found plugin screen_retriever_windows at C:\Users\Mohammed\AppData\Local\Pub\Cache\hosted\pub.dev\screen_retriever_windows-0.2.0\
[   +4 ms] Found plugin screen_retriever_macos at C:\Users\Mohammed\AppData\Local\Pub\Cache\hosted\pub.dev\screen_retriever_macos-0.2.0\
[   +1 ms] Found plugin screen_retriever_linux at C:\Users\Mohammed\AppData\Local\Pub\Cache\hosted\pub.dev\screen_retriever_linux-0.2.0\
[  +10 ms] Found plugin fluttertoast at C:\Users\Mohammed\AppData\Local\Pub\Cache\hosted\pub.dev\fluttertoast-8.2.14\
[  +25 ms] Found plugin dynamic_color at C:\Users\Mohammed\AppData\Local\Pub\Cache\hosted\pub.dev\dynamic_color-1.8.1\
[ +113 ms] Found plugin window_manager at C:\Users\Mohammed\AppData\Local\Pub\Cache\hosted\pub.dev\window_manager-0.5.1\
[   +1 ms] Found plugin screen_retriever at C:\Users\Mohammed\AppData\Local\Pub\Cache\hosted\pub.dev\screen_retriever-0.2.0\
[   +1 ms] Found plugin screen_retriever_windows at C:\Users\Mohammed\AppData\Local\Pub\Cache\hosted\pub.dev\screen_retriever_windows-0.2.0\
[   +4 ms] Found plugin screen_retriever_macos at C:\Users\Mohammed\AppData\Local\Pub\Cache\hosted\pub.dev\screen_retriever_macos-0.2.0\
[   +1 ms] Found plugin screen_retriever_linux at C:\Users\Mohammed\AppData\Local\Pub\Cache\hosted\pub.dev\screen_retriever_linux-0.2.0\
[   +3 ms] Found plugin fluttertoast at C:\Users\Mohammed\AppData\Local\Pub\Cache\hosted\pub.dev\fluttertoast-8.2.14\
[  +10 ms] Found plugin dynamic_color at C:\Users\Mohammed\AppData\Local\Pub\Cache\hosted\pub.dev\dynamic_color-1.8.1\
[  +13 ms] Skipping generating web_plugin_registrant.dart because it is up-to-date.
[  +81 ms] Found plugin window_manager at C:\Users\Mohammed\AppData\Local\Pub\Cache\hosted\pub.dev\window_manager-0.5.1\
[   +1 ms] Found plugin screen_retriever at C:\Users\Mohammed\AppData\Local\Pub\Cache\hosted\pub.dev\screen_retriever-0.2.0\
[   +1 ms] Found plugin screen_retriever_windows at C:\Users\Mohammed\AppData\Local\Pub\Cache\hosted\pub.dev\screen_retriever_windows-0.2.0\
[   +4 ms] Found plugin screen_retriever_macos at C:\Users\Mohammed\AppData\Local\Pub\Cache\hosted\pub.dev\screen_retriever_macos-0.2.0\
[   +1 ms] Found plugin screen_retriever_linux at C:\Users\Mohammed\AppData\Local\Pub\Cache\hosted\pub.dev\screen_retriever_linux-0.2.0\
[   +4 ms] Found plugin fluttertoast at C:\Users\Mohammed\AppData\Local\Pub\Cache\hosted\pub.dev\fluttertoast-8.2.14\
[  +14 ms] Found plugin dynamic_color at C:\Users\Mohammed\AppData\Local\Pub\Cache\hosted\pub.dev\dynamic_color-1.8.1\
[   +4 ms] Generating D:\FlutterProj\mysys\android\app\src\main\java\io\flutter\plugins\GeneratedPluginRegistrant.java
[   +2 ms] Skipping generating GeneratedPluginRegistrant.java because it is up-to-date.
[   +7 ms] Skipping generating generated_plugin_registrant.h because it is up-to-date.
[   +2 ms] Skipping generating generated_plugin_registrant.cc because it is up-to-date.
[   +2 ms] Skipping generating generated_plugins.cmake because it is up-to-date.
[   +2 ms] Skipping generating generated_plugin_registrant.h because it is up-to-date.
[   +1 ms] Skipping generating generated_plugin_registrant.cc because it is up-to-date.
[   +1 ms] Skipping generating generated_plugins.cmake because it is up-to-date.
[   +3 ms] Skipping generating GeneratedPluginRegistrant.h because it is up-to-date.
[   +1 ms] Skipping generating GeneratedPluginRegistrant.m because it is up-to-date.
[   +1 ms] Skipping generating GeneratedPluginRegistrant.swift because it is up-to-date.
[  +76 ms] ro.hardware = qcom
[  +79 ms] Initializing file store
[  +11 ms] Skipping target: gen_localizations
[   +2 ms] gen_dart_plugin_registrant: Starting due to {InvalidatedReasonKind.inputChanged: The following inputs have updated contents: D:\FlutterProj\mysys\.dart_tool\package_config.json}
[  +92 ms] Found plugin window_manager at C:\Users\Mohammed\AppData\Local\Pub\Cache\hosted\pub.dev\window_manager-0.5.1\
[   +2 ms] Found plugin screen_retriever at C:\Users\Mohammed\AppData\Local\Pub\Cache\hosted\pub.dev\screen_retriever-0.2.0\
[   +1 ms] Found plugin screen_retriever_windows at C:\Users\Mohammed\AppData\Local\Pub\Cache\hosted\pub.dev\screen_retriever_windows-0.2.0\
[   +3 ms] Found plugin screen_retriever_macos at C:\Users\Mohammed\AppData\Local\Pub\Cache\hosted\pub.dev\screen_retriever_macos-0.2.0\
[   +1 ms] Found plugin screen_retriever_linux at C:\Users\Mohammed\AppData\Local\Pub\Cache\hosted\pub.dev\screen_retriever_linux-0.2.0\
[   +4 ms] Found plugin fluttertoast at C:\Users\Mohammed\AppData\Local\Pub\Cache\hosted\pub.dev\fluttertoast-8.2.14\
[  +13 ms] Found plugin dynamic_color at C:\Users\Mohammed\AppData\Local\Pub\Cache\hosted\pub.dev\dynamic_color-1.8.1\
[   +4 ms] gen_dart_plugin_registrant: Complete
[   +3 ms] Skipping target: _composite
[   +3 ms] complete
[   +7 ms] Launching lib\main.dart on REA NX9 in debug mode...
[   +4 ms] C:\flutter\bin\cache\dart-sdk\bin\dartaotruntime.exe C:\flutter\bin\cache\dart-sdk\bin\snapshots\frontend_server_aot.dart.snapshot --sdk-root C:\flutter\bin\cache\artifacts\engine\common\flutter_patched_sdk/ --incremental --target=flutter --experimental-emit-debug-metadata -DFLUTTER_VERSION=3.38.4 -DFLUTTER_CHANNEL=stable -DFLUTTER_GIT_URL=https://github.com/flutter/flutter.git -DFLUTTER_FRAMEWORK_REVISION=66dd93f9a2 -DFLUTTER_ENGINE_REVISION=a5cb96369e -DFLUTTER_DART_VERSION=3.10.3 --output-dill C:\Users\Mohammed\AppData\Local\Temp\flutter_tools.cce75e98\flutter_tool.bdeb809e\app.dill --packages D:\FlutterProj\mysys\.dart_tool\package_config.json -Ddart.vm.profile=false -Ddart.vm.product=false --enable-asserts --track-widget-creation --filesystem-scheme org-dartlang-root --initialize-from-dill build\07dde02958c6c3f720ba69942e639b42.cache.dill.track.dill --verbosity=error --enable-experiment=alternative-invalidation-strategy
[  +13 ms] executing: C:\Users\Mohammed\AppData\Local\Android\sdk\platform-tools\adb.exe -s AF2S024109000688 shell -x logcat -v time -t 1
[  +29 ms] <- compile package:mysys/main.dart
[ +143 ms] --------- beginning of main
           12-19 00:50:24.092 I/sensors-hal( 1970): handle_sns_std_sensor_event:193, ambient_light_event: ts=26954646611307, lux=82, cct=1794, aod=1542 0 0 0 0 0 0 0 0 0 0 0 0 0
[  +14 ms] executing: C:\Users\Mohammed\AppData\Local\Android\sdk\platform-tools\adb.exe version
[  +52 ms] Android Debug Bridge version 1.0.41
           Version 36.0.0-13206524
           Installed as C:\Users\Mohammed\AppData\Local\Android\sdk\platform-tools\adb.exe
           Running on Windows 10.0.26200
[   +2 ms] executing: C:\Users\Mohammed\AppData\Local\Android\sdk\platform-tools\adb.exe start-server
[  +45 ms] Building APK
[  +12 ms] executing: C:\Program Files\Android\Android Studio\jbr\bin\java -version
[ +164 ms] Exit code 0 from: C:\Program Files\Android\Android Studio\jbr\bin\java -version
[        ] openjdk version "21.0.8" 2025-07-15
           OpenJDK Runtime Environment (build 21.0.8+-14196175-b1038.72)
           OpenJDK 64-Bit Server VM (build 21.0.8+-14196175-b1038.72, mixed mode)
[   +2 ms] executing: C:\Program Files\Android\Android Studio\jbr\bin\java -version
[ +151 ms] Exit code 0 from: C:\Program Files\Android\Android Studio\jbr\bin\java -version
[        ] openjdk version "21.0.8" 2025-07-15
           OpenJDK Runtime Environment (build 21.0.8+-14196175-b1038.72)
           OpenJDK 64-Bit Server VM (build 21.0.8+-14196175-b1038.72, mixed mode)
[   +3 ms] executing: C:\Program Files\Android\Android Studio\jbr\bin\java -version
[ +139 ms] Exit code 0 from: C:\Program Files\Android\Android Studio\jbr\bin\java -version
[        ] openjdk version "21.0.8" 2025-07-15
           OpenJDK Runtime Environment (build 21.0.8+-14196175-b1038.72)
           OpenJDK 64-Bit Server VM (build 21.0.8+-14196175-b1038.72, mixed mode)
[   +9 ms] Top-level Gradle build file not found, skipping migration of task "clean".
[   +3 ms] executing: c:/jdk25\bin\java --version
[  +84 ms] Exit code 0 from: c:/jdk25\bin\java --version
[        ] openjdk 25.0.1 2025-10-21
           OpenJDK Runtime Environment (build 25.0.1+8-27)
           OpenJDK 64-Bit Server VM (build 25.0.1+8-27, mixed mode, sharing)
[   +2 ms] Version of Java is different than impacted version, no migration attempted.
[  +14 ms] CMake project not found, skipping support Android 15 16k page size migration.
[   +4 ms] Using gradle from D:\FlutterProj\mysys\android\gradlew.bat.
[  +11 ms] LocalFile: 'D:\FlutterProj\mysys\android\build.gradle.kts' doesn't provide an AGP version. Checking settings.
[   +1 ms] LocalFile: 'D:\FlutterProj\mysys\android\settings.gradle.kts' provides AGP version: 8.11.1
[  +21 ms] Running Gradle task 'assembleDebug'...
[   +1 ms] executing: [D:\FlutterProj\mysys\android/] D:\FlutterProj\mysys\android\gradlew.bat --full-stacktrace --info -Pverbose=true -Ptarget-platform=android-arm64 -Ptarget=D:\FlutterProj\mysys\lib\main.dart -Pbase-application-name=android.app.Application -Pdart-defines=RkxVVFRFUl9WRVJTSU9OPTMuMzguNA==,RkxVVFRFUl9DSEFOTkVMPXN0YWJsZQ==,RkxVVFRFUl9HSVRfVVJMPWh0dHBzOi8vZ2l0aHViLmNvbS9mbHV0dGVyL2ZsdXR0ZXIuZ2l0,RkxVVFRFUl9GUkFNRVdPUktfUkVWSVNJT049NjZkZDkzZjlhMg==,RkxVVFRFUl9FTkdJTkVfUkVWSVNJT049YTVjYjk2MzY5ZQ==,RkxVVFRFUl9EQVJUX1ZFUlNJT049My4xMC4z -Pdart-obfuscation=false -Ptrack-widget-creation=true -Ptree-shake-icons=false -Pfilesystem-scheme=org-dartlang-root assembleDebug
[ +754 ms] WARNING: A restricted method in java.lang.System has been called
[   +2 ms] WARNING: java.lang.System::load has been called by net.rubygrapefruit.platform.internal.NativeLibraryLoader in an unnamed module (file:/C:/Users/Mohammed/.gradle/wrapper/dists/gradle-8.14-all/c2qonpi39x1mddn7hk5gh9iqj/gradle-8.14/lib/native-platform-0.22-milestone-28.jar)
[        ] WARNING: Use --enable-native-access=ALL-UNNAMED to avoid a warning for callers in this module
[        ] WARNING: Restricted methods will be blocked in a future release unless native access is enabled
[   +1 ms] Initialized native services in: C:\Users\Mohammed\.gradle\native
[        ] Initialized jansi services in: C:\Users\Mohammed\.gradle\native
[ +534 ms] Found daemon DaemonInfo{pid=3500, address=[717bd4e5-dfb6-4bba-987a-98e139c61d6e port:61532, addresses:[/127.0.0.1]], state=Idle, lastBusy=1765171445110, context=DefaultDaemonContext[uid=70e33ae5-08fe-4ee0-8bf7-3c286f38772f,javaHome=C:\Program Files\Android\Android Studio\jbr,javaVersion=21,javaVendor=JetBrains s.r.o.,daemonRegistryDir=C:\Users\Mohammed\.gradle\daemon,pid=3500,idleTimeout=10800000,priority=NORMAL,applyInstrumentationAgent=true,nativeServicesMode=ENABLED,daemonOpts=-XX:MaxMetaspaceSize=4G,-XX:ReservedCodeCacheSize=512m,-XX:+HeapDumpOnOutOfMemoryError,-Xmx8G,-Dfile.encoding=UTF-8,-Duser.country=US,-Duser.language=en,-Duser.variant]} however its context does not match the desired criteria.
[        ] JVM is incompatible.
[        ] Wanted: DaemonRequestContext{jvmCriteria=C:\jdk25 (no JDK specified, using current Java home), daemonOpts=[-XX:MaxMetaspaceSize=8G, -XX:ReservedCodeCacheSize=512m, -XX:+HeapDumpOnOutOfMemoryError, -Xmx4G, -Dfile.encoding=UTF-8, -Duser.country=US, -Duser.language=en, -Duser.variant], applyInstrumentationAgent=true, nativeServicesMode=ENABLED, priority=NORMAL}
[        ] Actual: DefaultDaemonContext[uid=70e33ae5-08fe-4ee0-8bf7-3c286f38772f,javaHome=C:\Program Files\Android\Android Studio\jbr,javaVersion=21,javaVendor=JetBrains s.r.o.,daemonRegistryDir=C:\Users\Mohammed\.gradle\daemon,pid=3500,idleTimeout=10800000,priority=NORMAL,applyInstrumentationAgent=true,nativeServicesMode=ENABLED,daemonOpts=-XX:MaxMetaspaceSize=4G,-XX:ReservedCodeCacheSize=512m,-XX:+HeapDumpOnOutOfMemoryError,-Xmx8G,-Dfile.encoding=UTF-8,-Duser.country=US,-Duser.language=en,-Duser.variant]
[        ]   Looking for a different daemon...
[        ] Found daemon DaemonInfo{pid=15312, address=[f5e4387b-2f4f-4882-b9f4-fa8abe54bca1 port:56839, addresses:[/127.0.0.1]], state=Idle, lastBusy=1765477382211, context=DefaultDaemonContext[uid=19b29e01-104a-4977-a18b-ab6d365cd806,javaHome=C:\Program Files\Microsoft\jdk-25.0.1.8-hotspot,javaVersion=25,javaVendor=Microsoft,daemonRegistryDir=C:\Users\Mohammed\.gradle\daemon,pid=15312,idleTimeout=10800000,priority=NORMAL,applyInstrumentationAgent=true,nativeServicesMode=ENABLED,daemonOpts=-XX:MaxMetaspaceSize=4G,-XX:ReservedCodeCacheSize=512m,-XX:+HeapDumpOnOutOfMemoryError,-Xmx8G,-Dfile.encoding=UTF-8,-Duser.country=US,-Duser.language=en,-Duser.variant]} however its context does not match the desired criteria.
[        ] JVM is incompatible.
[        ] Wanted: DaemonRequestContext{jvmCriteria=C:\jdk25 (no JDK specified, using current Java home), daemonOpts=[-XX:MaxMetaspaceSize=8G, -XX:ReservedCodeCacheSize=512m, -XX:+HeapDumpOnOutOfMemoryError, -Xmx4G, -Dfile.encoding=UTF-8, -Duser.country=US, -Duser.language=en, -Duser.variant], applyInstrumentationAgent=true, nativeServicesMode=ENABLED, priority=NORMAL}
[        ] Actual: DefaultDaemonContext[uid=19b29e01-104a-4977-a18b-ab6d365cd806,javaHome=C:\Program Files\Microsoft\jdk-25.0.1.8-hotspot,javaVersion=25,javaVendor=Microsoft,daemonRegistryDir=C:\Users\Mohammed\.gradle\daemon,pid=15312,idleTimeout=10800000,priority=NORMAL,applyInstrumentationAgent=true,nativeServicesMode=ENABLED,daemonOpts=-XX:MaxMetaspaceSize=4G,-XX:ReservedCodeCacheSize=512m,-XX:+HeapDumpOnOutOfMemoryError,-Xmx8G,-Dfile.encoding=UTF-8,-Duser.country=US,-Duser.language=en,-Duser.variant]
[        ]   Looking for a different daemon...
[        ] Found daemon DaemonInfo{pid=16340, address=[e05d9348-5cd1-496e-a0d8-60a7d5d6ae26 port:62091, addresses:[/127.0.0.1]], state=Idle, lastBusy=1765512214413, context=DefaultDaemonContext[uid=4b4bd598-d50a-467c-a288-5ed5760df1de,javaHome=C:\Program Files\Android\openjdk\jdk-21.0.8,javaVersion=21,javaVendor=Microsoft,daemonRegistryDir=C:\Users\Mohammed\.gradle\daemon,pid=16340,idleTimeout=10800000,priority=NORMAL,applyInstrumentationAgent=true,nativeServicesMode=ENABLED,daemonOpts=-XX:MaxMetaspaceSize=8G,-XX:ReservedCodeCacheSize=512m,-XX:+HeapDumpOnOutOfMemoryError,-Xmx8G,-Dfile.encoding=UTF-8,-Duser.country=US,-Duser.language=en,-Duser.variant]} however its context does not match the desired criteria.
[        ] JVM is incompatible.
[        ] Wanted: DaemonRequestContext{jvmCriteria=C:\jdk25 (no JDK specified, using current Java home), daemonOpts=[-XX:MaxMetaspaceSize=8G, -XX:ReservedCodeCacheSize=512m, -XX:+HeapDumpOnOutOfMemoryError, -Xmx4G, -Dfile.encoding=UTF-8, -Duser.country=US, -Duser.language=en, -Duser.variant], applyInstrumentationAgent=true, nativeServicesMode=ENABLED, priority=NORMAL}
[        ] Actual: DefaultDaemonContext[uid=4b4bd598-d50a-467c-a288-5ed5760df1de,javaHome=C:\Program Files\Android\openjdk\jdk-21.0.8,javaVersion=21,javaVendor=Microsoft,daemonRegistryDir=C:\Users\Mohammed\.gradle\daemon,pid=16340,idleTimeout=10800000,priority=NORMAL,applyInstrumentationAgent=true,nativeServicesMode=ENABLED,daemonOpts=-XX:MaxMetaspaceSize=8G,-XX:ReservedCodeCacheSize=512m,-XX:+HeapDumpOnOutOfMemoryError,-Xmx8G,-Dfile.encoding=UTF-8,-Duser.country=US,-Duser.language=en,-Duser.variant]
[        ]   Looking for a different daemon...
[        ] Found daemon DaemonInfo{pid=4364, address=[de1db163-9f94-49d9-bf36-5242a0a9149f port:62745, addresses:[/127.0.0.1]], state=Idle, lastBusy=1765849616607, context=DefaultDaemonContext[uid=44d934a7-400b-4b4f-8dcd-ac98602f6e82,javaHome=C:\Program Files\Android\openjdk\jdk-21.0.8,javaVersion=21,javaVendor=Microsoft,daemonRegistryDir=C:\Users\Mohammed\.gradle\daemon,pid=4364,idleTimeout=10800000,priority=NORMAL,applyInstrumentationAgent=true,nativeServicesMode=ENABLED,daemonOpts=-XX:MaxMetaspaceSize=8G,-XX:ReservedCodeCacheSize=512m,-XX:+HeapDumpOnOutOfMemoryError,-Xmx4G,-Dfile.encoding=UTF-8,-Duser.country=US,-Duser.language=en,-Duser.variant]} however its context does not match the desired criteria.
[        ] JVM is incompatible.
[   +3 ms] Wanted: DaemonRequestContext{jvmCriteria=C:\jdk25 (no JDK specified, using current Java home), daemonOpts=[-XX:MaxMetaspaceSize=8G, -XX:ReservedCodeCacheSize=512m, -XX:+HeapDumpOnOutOfMemoryError, -Xmx4G, -Dfile.encoding=UTF-8, -Duser.country=US, -Duser.language=en, -Duser.variant], applyInstrumentationAgent=true, nativeServicesMode=ENABLED, priority=NORMAL}
[        ] Actual: DefaultDaemonContext[uid=44d934a7-400b-4b4f-8dcd-ac98602f6e82,javaHome=C:\Program Files\Android\openjdk\jdk-21.0.8,javaVersion=21,javaVendor=Microsoft,daemonRegistryDir=C:\Users\Mohammed\.gradle\daemon,pid=4364,idleTimeout=10800000,priority=NORMAL,applyInstrumentationAgent=true,nativeServicesMode=ENABLED,daemonOpts=-XX:MaxMetaspaceSize=8G,-XX:ReservedCodeCacheSize=512m,-XX:+HeapDumpOnOutOfMemoryError,-Xmx4G,-Dfile.encoding=UTF-8,-Duser.country=US,-Duser.language=en,-Duser.variant]
[        ]   Looking for a different daemon...
[        ] Found daemon DaemonInfo{pid=17844, address=[60deedf5-c6f5-4588-8b00-045e9d16623b port:60111, addresses:[/127.0.0.1]], state=Idle, lastBusy=1766094529537, context=DefaultDaemonContext[uid=d317dd1d-544d-4713-a2aa-24b08842c034,javaHome=C:\Program Files\Microsoft\jdk-25.0.1.8-hotspot,javaVersion=25,javaVendor=Microsoft,daemonRegistryDir=C:\Users\Mohammed\.gradle\daemon,pid=17844,idleTimeout=10800000,priority=NORMAL,applyInstrumentationAgent=true,nativeServicesMode=ENABLED,daemonOpts=-XX:MaxMetaspaceSize=8G,-XX:ReservedCodeCacheSize=512m,-XX:+HeapDumpOnOutOfMemoryError,-Xmx4G,-Dfile.encoding=UTF-8,-Duser.country=US,-Duser.language=en,-Duser.variant]} however its context does not match the desired criteria.
[        ] JVM is incompatible.
[        ] Wanted: DaemonRequestContext{jvmCriteria=C:\jdk25 (no JDK specified, using current Java home), daemonOpts=[-XX:MaxMetaspaceSize=8G, -XX:ReservedCodeCacheSize=512m, -XX:+HeapDumpOnOutOfMemoryError, -Xmx4G, -Dfile.encoding=UTF-8, -Duser.country=US, -Duser.language=en, -Duser.variant], applyInstrumentationAgent=true, nativeServicesMode=ENABLED, priority=NORMAL}
[        ] Actual: DefaultDaemonContext[uid=d317dd1d-544d-4713-a2aa-24b08842c034,javaHome=C:\Program Files\Microsoft\jdk-25.0.1.8-hotspot,javaVersion=25,javaVendor=Microsoft,daemonRegistryDir=C:\Users\Mohammed\.gradle\daemon,pid=17844,idleTimeout=10800000,priority=NORMAL,applyInstrumentationAgent=true,nativeServicesMode=ENABLED,daemonOpts=-XX:MaxMetaspaceSize=8G,-XX:ReservedCodeCacheSize=512m,-XX:+HeapDumpOnOutOfMemoryError,-Xmx4G,-Dfile.encoding=UTF-8,-Duser.country=US,-Duser.language=en,-Duser.variant]
[        ]   Looking for a different daemon...
[  +86 ms] The client will now receive all logging from the daemon (pid: 6280). The daemon log file: C:\Users\Mohammed\.gradle\daemon\8.14\daemon-6280.out.log
[        ] Starting 12th build in daemon [uptime: 48 mins 47.33 secs, performance: 98%, GC rate: 0.00/s, heap usage: 0% of 4 GiB, non-heap usage: 0% of 8 GiB]
[        ] Using 8 worker leases.
[        ] Configuration on demand is an incubating feature.
[        ] Now considering [D:\FlutterProj\mysys\android] as hierarchies to watch
[        ] Watching the file system is configured to be enabled if available
[        ] File system watching is active
[  +96 ms] Starting Build
[        ] Caching disabled for Kotlin DSL script compilation (Settings/TopLevel/stage1) because:
[        ]   Build cache is disabled
[        ] FAILURE: Build failed with an exception.
[        ] * What went wrong:
[        ] 25.0.1
[        ] * Try:
[        ] > Run with --debug option to get more log output.
[        ] > Run with --scan to get full insights.
[        ] > Get more help at https://help.gradle.org.
[        ] * Exception is:
[        ] java.lang.IllegalArgumentException: 25.0.1
[        ] 	at org.jetbrains.kotlin.com.intellij.util.lang.JavaVersion.parse(JavaVersion.java:307)
[        ] 	at org.jetbrains.kotlin.com.intellij.util.lang.JavaVersion.current(JavaVersion.java:176)
[        ] 	at org.jetbrains.kotlin.cli.jvm.modules.JavaVersionUtilsKt.isAtLeastJava9(javaVersionUtils.kt:11)
[        ] 	at org.jetbrains.kotlin.cli.jvm.modules.CoreJrtFileSystem.globalJrtFsCache$lambda$2(CoreJrtFileSystem.kt:83)
[        ] 	at org.jetbrains.kotlin.cli.jvm.modules.CoreJrtFileSystem.globalJrtFsCache$lambda$3(CoreJrtFileSystem.kt:74)
[        ] 	at org.jetbrains.kotlin.com.intellij.util.containers.ConcurrentFactoryMap$2.create(ConcurrentFactoryMap.java:174)
[        ] 	at org.jetbrains.kotlin.com.intellij.util.containers.ConcurrentFactoryMap.get(ConcurrentFactoryMap.java:40)
[        ] 	at org.jetbrains.kotlin.cli.jvm.modules.CoreJrtFileSystem.roots$lambda$0(CoreJrtFileSystem.kt:34)
[        ] 	at org.jetbrains.kotlin.cli.jvm.modules.CoreJrtFileSystem.roots$lambda$1(CoreJrtFileSystem.kt:33)
[        ] 	at org.jetbrains.kotlin.com.intellij.util.containers.ConcurrentFactoryMap$2.create(ConcurrentFactoryMap.java:174)
[        ] 	at org.jetbrains.kotlin.com.intellij.util.containers.ConcurrentFactoryMap.get(ConcurrentFactoryMap.java:40)
[        ] 	at org.jetbrains.kotlin.cli.jvm.modules.CoreJrtFileSystem.findFileByPath(CoreJrtFileSystem.kt:42)
[        ] 	at org.jetbrains.kotlin.cli.jvm.modules.CliJavaModuleFinder.<init>(CliJavaModuleFinder.kt:44)
[        ] 	at org.jetbrains.kotlin.cli.jvm.compiler.KotlinCoreEnvironment.<init>(KotlinCoreEnvironment.kt:243)
[        ] 	at org.jetbrains.kotlin.cli.jvm.compiler.KotlinCoreEnvironment.<init>(KotlinCoreEnvironment.kt)
[        ] 	at org.jetbrains.kotlin.cli.jvm.compiler.KotlinCoreEnvironment$Companion.createForProduction(KotlinCoreEnvironment.kt:468)
[        ] 	at org.gradle.kotlin.dsl.support.KotlinCompilerKt$kotlinCoreEnvironmentFor$1.create(KotlinCompiler.kt:514)
[        ] 	at org.gradle.kotlin.dsl.support.KotlinCompilerKt$kotlinCoreEnvironmentFor$1.create(KotlinCompiler.kt:510)
[        ] 	at org.gradle.internal.SystemProperties.withSystemProperty(SystemProperties.java:123)
[        ] 	at org.gradle.kotlin.dsl.support.KotlinCompilerKt.kotlinCoreEnvironmentFor(KotlinCompiler.kt:510)
[        ] 	at org.gradle.kotlin.dsl.support.KotlinCompilerKt.compileKotlinScriptModuleTo(KotlinCompiler.kt:231)
[        ] 	at org.gradle.kotlin.dsl.support.KotlinCompilerKt.compileKotlinScriptToDirectory(KotlinCompiler.kt:198)
[        ] 	at org.gradle.kotlin.dsl.execution.ResidualProgramCompiler$compileScript$1.invoke(ResidualProgramCompiler.kt:713)
[        ] 	at org.gradle.kotlin.dsl.execution.ResidualProgramCompiler$compileScript$1.invoke(ResidualProgramCompiler.kt:712)
[        ] 	at org.gradle.kotlin.dsl.provider.StandardKotlinScriptEvaluator$InterpreterHost$runCompileBuildOperation$1.call(KotlinScriptEvaluator.kt:209)
[        ] 	at org.gradle.kotlin.dsl.provider.StandardKotlinScriptEvaluator$InterpreterHost$runCompileBuildOperation$1.call(KotlinScriptEvaluator.kt:206)
[        ] 	at org.gradle.internal.operations.DefaultBuildOperationRunner$CallableBuildOperationWorker.execute(DefaultBuildOperationRunner.java:210)
[        ] 	at org.gradle.internal.operations.DefaultBuildOperationRunner$CallableBuildOperationWorker.execute(DefaultBuildOperationRunner.java:205)
[   +1 ms] 	at org.gradle.internal.operations.DefaultBuildOperationRunner$2.execute(DefaultBuildOperationRunner.java:67)
[        ] 	at org.gradle.internal.operations.DefaultBuildOperationRunner$2.execute(DefaultBuildOperationRunner.java:60)
[        ] 	at org.gradle.internal.operations.DefaultBuildOperationRunner.execute(DefaultBuildOperationRunner.java:167)
[        ] 	at org.gradle.internal.operations.DefaultBuildOperationRunner.execute(DefaultBuildOperationRunner.java:60)
[        ] 	at org.gradle.internal.operations.DefaultBuildOperationRunner.call(DefaultBuildOperationRunner.java:54)
[        ] 	at org.gradle.kotlin.dsl.provider.StandardKotlinScriptEvaluator$InterpreterHost.runCompileBuildOperation(KotlinScriptEvaluator.kt:206)
[        ] 	at org.gradle.kotlin.dsl.execution.Interpreter$compile$1$1$1$1.invoke(Interpreter.kt:334)
[        ] 	at org.gradle.kotlin.dsl.execution.Interpreter$compile$1$1$1$1.invoke(Interpreter.kt:334)
[        ] 	at org.gradle.kotlin.dsl.execution.ResidualProgramCompiler.compileScript-C5AE47M(ResidualProgramCompiler.kt:712)
[        ] 	at org.gradle.kotlin.dsl.execution.ResidualProgramCompiler.compileStage1-EfyMToc(ResidualProgramCompiler.kt:695)
[        ] 	at org.gradle.kotlin.dsl.execution.ResidualProgramCompiler.emitStage1Sequence(ResidualProgramCompiler.kt:247)
[        ] 	at org.gradle.kotlin.dsl.execution.ResidualProgramCompiler.emitStage1Sequence(ResidualProgramCompiler.kt:238)
[        ] 	at org.gradle.kotlin.dsl.execution.ResidualProgramCompiler.emit(ResidualProgramCompiler.kt:199)
[        ] 	at org.gradle.kotlin.dsl.execution.ResidualProgramCompiler.emit(ResidualProgramCompiler.kt:182)
[        ] 	at org.gradle.kotlin.dsl.execution.ResidualProgramCompiler.access$emit(ResidualProgramCompiler.kt:83)
[        ] 	at org.gradle.kotlin.dsl.execution.ResidualProgramCompiler$emitDynamicProgram$1$1.invoke(ResidualProgramCompiler.kt:123)
[        ] 	at org.gradle.kotlin.dsl.execution.ResidualProgramCompiler$emitDynamicProgram$1$1.invoke(ResidualProgramCompiler.kt:121)
[        ] 	at org.gradle.kotlin.dsl.execution.ResidualProgramCompiler$overrideExecute$1.invoke(ResidualProgramCompiler.kt:548)
[        ] 	at org.gradle.kotlin.dsl.execution.ResidualProgramCompiler$overrideExecute$1.invoke(ResidualProgramCompiler.kt:547)
[        ] 	at org.gradle.kotlin.dsl.support.bytecode.AsmExtensionsKt.method(AsmExtensions.kt:133)
[        ] 	at org.gradle.kotlin.dsl.support.bytecode.AsmExtensionsKt.publicMethod(AsmExtensions.kt:116)
[   +1 ms] 	at org.gradle.kotlin.dsl.support.bytecode.AsmExtensionsKt.publicMethod$default(AsmExtensions.kt:108)
[        ] 	at org.gradle.kotlin.dsl.execution.ResidualProgramCompiler.overrideExecute(ResidualProgramCompiler.kt:547)
[        ] 	at org.gradle.kotlin.dsl.execution.ResidualProgramCompiler.access$overrideExecute(ResidualProgramCompiler.kt:83)
[        ] 	at org.gradle.kotlin.dsl.execution.ResidualProgramCompiler$emitDynamicProgram$1.invoke(ResidualProgramCompiler.kt:121)
[        ] 	at org.gradle.kotlin.dsl.execution.ResidualProgramCompiler$emitDynamicProgram$1.invoke(ResidualProgramCompiler.kt:119)
[        ] 	at org.gradle.kotlin.dsl.execution.ResidualProgramCompiler$program$3.invoke(ResidualProgramCompiler.kt:673)
[        ] 	at org.gradle.kotlin.dsl.execution.ResidualProgramCompiler$program$3.invoke(ResidualProgramCompiler.kt:671)
[        ] 	at org.gradle.kotlin.dsl.support.bytecode.AsmExtensionsKt.publicClass-7y5yvvE(AsmExtensions.kt:41)
[        ] 	at org.gradle.kotlin.dsl.execution.ResidualProgramCompiler.program-5oOsWEo(ResidualProgramCompiler.kt:671)
[        ] 	at org.gradle.kotlin.dsl.execution.ResidualProgramCompiler.access$program-5oOsWEo(ResidualProgramCompiler.kt:83)
[        ] 	at org.gradle.kotlin.dsl.execution.ResidualProgramCompiler.emitDynamicProgram(ResidualProgramCompiler.kt:798)
[        ] 	at org.gradle.kotlin.dsl.execution.ResidualProgramCompiler.compile(ResidualProgramCompiler.kt:102)
[        ] 	at org.gradle.kotlin.dsl.execution.Interpreter$compile$1.invoke(Interpreter.kt:337)
[        ] 	at org.gradle.kotlin.dsl.execution.Interpreter$compile$1.invoke(Interpreter.kt:301)
[        ] 	at org.gradle.kotlin.dsl.provider.StandardKotlinScriptEvaluator$KotlinScriptCompilationAndInstrumentation.compile(KotlinScriptEvaluator.kt:440)
[        ] 	at org.gradle.internal.scripts.BuildScriptCompilationAndInstrumentation.execute(BuildScriptCompilationAndInstrumentation.java:136)
[        ] 	at org.gradle.internal.execution.steps.ExecuteStep.executeInternal(ExecuteStep.java:105)
[        ] 	at org.gradle.internal.execution.steps.ExecuteStep.access$000(ExecuteStep.java:44)
[        ] 	at org.gradle.internal.execution.steps.ExecuteStep$1.call(ExecuteStep.java:59)
[        ] 	at org.gradle.internal.execution.steps.ExecuteStep$1.call(ExecuteStep.java:56)
[        ] 	at org.gradle.internal.operations.DefaultBuildOperationRunner$CallableBuildOperationWorker.execute(DefaultBuildOperationRunner.java:210)
[        ] 	at org.gradle.internal.operations.DefaultBuildOperationRunner$CallableBuildOperationWorker.execute(DefaultBuildOperationRunner.java:205)
[        ] 	at org.gradle.internal.operations.DefaultBuildOperationRunner$2.execute(DefaultBuildOperationRunner.java:67)
[        ] 	at org.gradle.internal.operations.DefaultBuildOperationRunner$2.execute(DefaultBuildOperationRunner.java:60)
[        ] 	at org.gradle.internal.operations.DefaultBuildOperationRunner.execute(DefaultBuildOperationRunner.java:167)
[   +1 ms] 	at org.gradle.internal.operations.DefaultBuildOperationRunner.execute(DefaultBuildOperationRunner.java:60)
[        ] 	at org.gradle.internal.operations.DefaultBuildOperationRunner.call(DefaultBuildOperationRunner.java:54)
[        ] 	at org.gradle.internal.execution.steps.ExecuteStep.execute(ExecuteStep.java:56)
[        ] 	at org.gradle.internal.execution.steps.ExecuteStep.execute(ExecuteStep.java:44)
[        ] 	at org.gradle.internal.execution.steps.CancelExecutionStep.execute(CancelExecutionStep.java:42)
[        ] 	at org.gradle.internal.execution.steps.TimeoutStep.executeWithoutTimeout(TimeoutStep.java:75)
[        ] 	at org.gradle.internal.execution.steps.TimeoutStep.execute(TimeoutStep.java:55)
[        ] 	at org.gradle.internal.execution.steps.PreCreateOutputParentsStep.execute(PreCreateOutputParentsStep.java:50)
[        ] 	at org.gradle.internal.execution.steps.PreCreateOutputParentsStep.execute(PreCreateOutputParentsStep.java:28)
[        ] 	at org.gradle.internal.execution.steps.BroadcastChangingOutputsStep.execute(BroadcastChangingOutputsStep.java:61)
[        ] 	at org.gradle.internal.execution.steps.BroadcastChangingOutputsStep.execute(BroadcastChangingOutputsStep.java:26)
[        ] 	at org.gradle.internal.execution.steps.NoInputChangesStep.execute(NoInputChangesStep.java:30)
[        ] 	at org.gradle.internal.execution.steps.NoInputChangesStep.execute(NoInputChangesStep.java:21)
[        ] 	at org.gradle.internal.execution.steps.CaptureOutputsAfterExecutionStep.execute(CaptureOutputsAfterExecutionStep.java:69)
[        ] 	at org.gradle.internal.execution.steps.CaptureOutputsAfterExecutionStep.execute(CaptureOutputsAfterExecutionStep.java:46)
[        ] 	at org.gradle.internal.execution.steps.BuildCacheStep.executeWithoutCache(BuildCacheStep.java:189)
[        ] 	at org.gradle.internal.execution.steps.BuildCacheStep.lambda$execute$1(BuildCacheStep.java:75)
[        ] 	at org.gradle.internal.Either$Right.fold(Either.java:175)
[        ] 	at org.gradle.internal.execution.caching.CachingState.fold(CachingState.java:62)
[        ] 	at org.gradle.internal.execution.steps.BuildCacheStep.execute(BuildCacheStep.java:73)
[        ] 	at org.gradle.internal.execution.steps.BuildCacheStep.execute(BuildCacheStep.java:48)
[        ] 	at org.gradle.internal.execution.steps.NeverUpToDateStep.execute(NeverUpToDateStep.java:34)
[        ] 	at org.gradle.internal.execution.steps.NeverUpToDateStep.execute(NeverUpToDateStep.java:22)
[        ] 	at org.gradle.internal.execution.steps.legacy.MarkSnapshottingInputsFinishedStep.execute(MarkSnapshottingInputsFinishedStep.java:37)
[        ] 	at org.gradle.internal.execution.steps.legacy.MarkSnapshottingInputsFinishedStep.execute(MarkSnapshottingInputsFinishedStep.java:27)
[        ] 	at org.gradle.internal.execution.steps.ResolveNonIncrementalCachingStateStep.executeDelegate(ResolveNonIncrementalCachingStateStep.java:50)
[        ] 	at org.gradle.internal.execution.steps.AbstractResolveCachingStateStep.execute(AbstractResolveCachingStateStep.java:71)
[        ] 	at org.gradle.internal.execution.steps.AbstractResolveCachingStateStep.execute(AbstractResolveCachingStateStep.java:39)
[        ] 	at org.gradle.internal.execution.steps.ValidateStep.execute(ValidateStep.java:107)
[        ] 	at org.gradle.internal.execution.steps.ValidateStep.execute(ValidateStep.java:56)
[        ] 	at org.gradle.internal.execution.steps.AbstractCaptureStateBeforeExecutionStep.execute(AbstractCaptureStateBeforeExecutionStep.java:64)
[        ] 	at org.gradle.internal.execution.steps.AbstractCaptureStateBeforeExecutionStep.execute(AbstractCaptureStateBeforeExecutionStep.java:43)
[        ] 	at org.gradle.internal.execution.steps.legacy.MarkSnapshottingInputsStartedStep.execute(MarkSnapshottingInputsStartedStep.java:38)
[        ] 	at org.gradle.internal.execution.steps.AssignImmutableWorkspaceStep.lambda$executeInTemporaryWorkspace$3(AssignImmutableWorkspaceStep.java:209)
[        ] 	at org.gradle.internal.execution.workspace.impl.CacheBasedImmutableWorkspaceProvider$1.withTemporaryWorkspace(CacheBasedImmutableWorkspaceProvider.java:116)
[        ] 	at org.gradle.internal.execution.steps.AssignImmutableWorkspaceStep.executeInTemporaryWorkspace(AssignImmutableWorkspaceStep.java:199)
[        ] 	at org.gradle.internal.execution.steps.AssignImmutableWorkspaceStep.lambda$execute$0(AssignImmutableWorkspaceStep.java:121)
[        ] 	at java.base/java.util.Optional.orElseGet(Optional.java:364)
[        ] 	at org.gradle.internal.execution.steps.AssignImmutableWorkspaceStep.execute(AssignImmutableWorkspaceStep.java:121)
[        ] 	at org.gradle.internal.execution.steps.AssignImmutableWorkspaceStep.execute(AssignImmutableWorkspaceStep.java:90)
[        ] 	at org.gradle.internal.execution.steps.ChoosePipelineStep.execute(ChoosePipelineStep.java:38)
[        ] 	at org.gradle.internal.execution.steps.ChoosePipelineStep.execute(ChoosePipelineStep.java:23)
[        ] 	at org.gradle.internal.execution.steps.ExecuteWorkBuildOperationFiringStep.lambda$execute$2(ExecuteWorkBuildOperationFiringStep.java:67)
[        ] 	at java.base/java.util.Optional.orElseGet(Optional.java:364)
[        ] 	at org.gradle.internal.execution.steps.ExecuteWorkBuildOperationFiringStep.execute(ExecuteWorkBuildOperationFiringStep.java:67)
[        ] 	at org.gradle.internal.execution.steps.ExecuteWorkBuildOperationFiringStep.execute(ExecuteWorkBuildOperationFiringStep.java:39)
[        ] 	at org.gradle.internal.execution.steps.IdentityCacheStep.execute(IdentityCacheStep.java:46)
[        ] 	at org.gradle.internal.execution.steps.IdentityCacheStep.execute(IdentityCacheStep.java:34)
[        ] 	at org.gradle.internal.execution.steps.IdentifyStep.execute(IdentifyStep.java:48)
[        ] 	at org.gradle.internal.execution.steps.IdentifyStep.execute(IdentifyStep.java:35)
[        ] 	at org.gradle.internal.execution.impl.DefaultExecutionEngine$1.execute(DefaultExecutionEngine.java:64)
[        ] 	at org.gradle.kotlin.dsl.provider.StandardKotlinScriptEvaluator$InterpreterHost.cachedDirFor(KotlinScriptEvaluator.kt:304)
[        ] 	at org.gradle.kotlin.dsl.execution.Interpreter.compile(Interpreter.kt:301)
[        ] 	at org.gradle.kotlin.dsl.execution.Interpreter.emitSpecializedProgramFor(Interpreter.kt:267)
[        ] 	at org.gradle.kotlin.dsl.execution.Interpreter.eval(Interpreter.kt:199)
[        ] 	at org.gradle.kotlin.dsl.provider.StandardKotlinScriptEvaluator.evaluate(KotlinScriptEvaluator.kt:133)
[        ] 	at org.gradle.kotlin.dsl.provider.KotlinScriptPluginFactory$create$1.invoke(KotlinScriptPluginFactory.kt:61)
[        ] 	at org.gradle.kotlin.dsl.provider.KotlinScriptPluginFactory$create$1.invoke(KotlinScriptPluginFactory.kt:52)
[        ] 	at org.gradle.kotlin.dsl.provider.KotlinScriptPlugin.apply(KotlinScriptPlugin.kt:35)
[        ] 	at org.gradle.configuration.BuildOperationScriptPlugin$1.run(BuildOperationScriptPlugin.java:68)
[        ] 	at org.gradle.internal.operations.DefaultBuildOperationRunner$1.execute(DefaultBuildOperationRunner.java:30)
[        ] 	at org.gradle.internal.operations.DefaultBuildOperationRunner$1.execute(DefaultBuildOperationRunner.java:27)
[        ] 	at org.gradle.internal.operations.DefaultBuildOperationRunner$2.execute(DefaultBuildOperationRunner.java:67)
[        ] 	at org.gradle.internal.operations.DefaultBuildOperationRunner$2.execute(DefaultBuildOperationRunner.java:60)
[        ] 	at org.gradle.internal.operations.DefaultBuildOperationRunner.execute(DefaultBuildOperationRunner.java:167)
[        ] 	at org.gradle.internal.operations.DefaultBuildOperationRunner.execute(DefaultBuildOperationRunner.java:60)
[        ] 	at org.gradle.internal.operations.DefaultBuildOperationRunner.run(DefaultBuildOperationRunner.java:48)
[        ] 	at org.gradle.configuration.BuildOperationScriptPlugin.lambda$apply$0(BuildOperationScriptPlugin.java:65)
[        ] 	at org.gradle.internal.code.DefaultUserCodeApplicationContext.apply(DefaultUserCodeApplicationContext.java:44)
[        ] 	at org.gradle.configuration.BuildOperationScriptPlugin.apply(BuildOperationScriptPlugin.java:65)
[        ] 	at org.gradle.initialization.ScriptEvaluatingSettingsProcessor.applySettingsScript(ScriptEvaluatingSettingsProcessor.java:75)
[        ] 	at org.gradle.initialization.ScriptEvaluatingSettingsProcessor.process(ScriptEvaluatingSettingsProcessor.java:68)
[        ] 	at org.gradle.initialization.SettingsEvaluatedCallbackFiringSettingsProcessor.process(SettingsEvaluatedCallbackFiringSettingsProcessor.java:34)
[        ] 	at org.gradle.initialization.RootBuildCacheControllerSettingsProcessor.process(RootBuildCacheControllerSettingsProcessor.java:47)
[        ] 	at org.gradle.initialization.BuildOperationSettingsProcessor$2.call(BuildOperationSettingsProcessor.java:49)
[        ] 	at org.gradle.initialization.BuildOperationSettingsProcessor$2.call(BuildOperationSettingsProcessor.java:46)
[        ] 	at org.gradle.internal.operations.DefaultBuildOperationRunner$CallableBuildOperationWorker.execute(DefaultBuildOperationRunner.java:210)
[        ] 	at org.gradle.internal.operations.DefaultBuildOperationRunner$CallableBuildOperationWorker.execute(DefaultBuildOperationRunner.java:205)
[        ] 	at org.gradle.internal.operations.DefaultBuildOperationRunner$2.execute(DefaultBuildOperationRunner.java:67)
[        ] 	at org.gradle.internal.operations.DefaultBuildOperationRunner$2.execute(DefaultBuildOperationRunner.java:60)
[        ] 	at org.gradle.internal.operations.DefaultBuildOperationRunner.execute(DefaultBuildOperationRunner.java:167)
[        ] 	at org.gradle.internal.operations.DefaultBuildOperationRunner.execute(DefaultBuildOperationRunner.java:60)
[        ] 	at org.gradle.internal.operations.DefaultBuildOperationRunner.call(DefaultBuildOperationRunner.java:54)
[        ] 	at org.gradle.initialization.BuildOperationSettingsProcessor.process(BuildOperationSettingsProcessor.java:46)
[        ] 	at org.gradle.initialization.DefaultSettingsLoader.findSettingsAndLoadIfAppropriate(DefaultSettingsLoader.java:183)
[        ] 	at org.gradle.initialization.DefaultSettingsLoader.findAndLoadSettings(DefaultSettingsLoader.java:86)
[        ] 	at org.gradle.initialization.SettingsAttachingSettingsLoader.findAndLoadSettings(SettingsAttachingSettingsLoader.java:33)
[        ] 	at org.gradle.internal.composite.CommandLineIncludedBuildSettingsLoader.findAndLoadSettings(CommandLineIncludedBuildSettingsLoader.java:35)
[        ] 	at org.gradle.internal.composite.ChildBuildRegisteringSettingsLoader.findAndLoadSettings(ChildBuildRegisteringSettingsLoader.java:44)
[        ] 	at org.gradle.internal.composite.CompositeBuildSettingsLoader.findAndLoadSettings(CompositeBuildSettingsLoader.java:35)
[        ] 	at org.gradle.initialization.InitScriptHandlingSettingsLoader.findAndLoadSettings(InitScriptHandlingSettingsLoader.java:33)
[        ] 	at org.gradle.api.internal.initialization.CacheConfigurationsHandlingSettingsLoader.findAndLoadSettings(CacheConfigurationsHandlingSettingsLoader.java:36)
[        ] 	at org.gradle.initialization.GradlePropertiesHandlingSettingsLoader.findAndLoadSettings(GradlePropertiesHandlingSettingsLoader.java:38)
[        ] 	at org.gradle.initialization.DefaultSettingsPreparer.prepareSettings(DefaultSettingsPreparer.java:31)
[        ] 	at org.gradle.initialization.BuildOperationFiringSettingsPreparer$LoadBuild.doLoadBuild(BuildOperationFiringSettingsPreparer.java:71)
[        ] 	at org.gradle.initialization.BuildOperationFiringSettingsPreparer$LoadBuild.run(BuildOperationFiringSettingsPreparer.java:66)
[        ] 	at org.gradle.internal.operations.DefaultBuildOperationRunner$1.execute(DefaultBuildOperationRunner.java:30)
[        ] 	at org.gradle.internal.operations.DefaultBuildOperationRunner$1.execute(DefaultBuildOperationRunner.java:27)
[        ] 	at org.gradle.internal.operations.DefaultBuildOperationRunner$2.execute(DefaultBuildOperationRunner.java:67)
[        ] 	at org.gradle.internal.operations.DefaultBuildOperationRunner$2.execute(DefaultBuildOperationRunner.java:60)
[        ] 	at org.gradle.internal.operations.DefaultBuildOperationRunner.execute(DefaultBuildOperationRunner.java:167)
[        ] 	at org.gradle.internal.operations.DefaultBuildOperationRunner.execute(DefaultBuildOperationRunner.java:60)
[        ] 	at org.gradle.internal.operations.DefaultBuildOperationRunner.run(DefaultBuildOperationRunner.java:48)
[        ] 	at org.gradle.initialization.BuildOperationFiringSettingsPreparer.prepareSettings(BuildOperationFiringSettingsPreparer.java:54)
[        ] 	at org.gradle.initialization.VintageBuildModelController.lambda$prepareSettings$1(VintageBuildModelController.java:80)
[        ] 	at org.gradle.internal.model.StateTransitionController.lambda$doTransition$14(StateTransitionController.java:255)
[        ] 	at org.gradle.internal.model.StateTransitionController.doTransition(StateTransitionController.java:266)
[        ] 	at org.gradle.internal.model.StateTransitionController.doTransition(StateTransitionController.java:254)
[        ] 	at org.gradle.internal.model.StateTransitionController.lambda$transitionIfNotPreviously$11(StateTransitionController.java:213)
[        ] 	at org.gradle.internal.work.DefaultSynchronizer.withLock(DefaultSynchronizer.java:36)
[        ] 	at org.gradle.internal.model.StateTransitionController.transitionIfNotPreviously(StateTransitionController.java:209)
[        ] 	at org.gradle.initialization.VintageBuildModelController.prepareSettings(VintageBuildModelController.java:80)
[        ] 	at org.gradle.initialization.VintageBuildModelController.prepareToScheduleTasks(VintageBuildModelController.java:70)
[        ] 	at org.gradle.internal.build.DefaultBuildLifecycleController.lambda$prepareToScheduleTasks$6(DefaultBuildLifecycleController.java:175)
[        ] 	at org.gradle.internal.model.StateTransitionController.lambda$doTransition$14(StateTransitionController.java:255)
[        ] 	at org.gradle.internal.model.StateTransitionController.doTransition(StateTransitionController.java:266)
[        ] 	at org.gradle.internal.model.StateTransitionController.doTransition(StateTransitionController.java:254)
[        ] 	at org.gradle.internal.model.StateTransitionController.lambda$maybeTransition$9(StateTransitionController.java:190)
[        ] 	at org.gradle.internal.work.DefaultSynchronizer.withLock(DefaultSynchronizer.java:36)
[        ] 	at org.gradle.internal.model.StateTransitionController.maybeTransition(StateTransitionController.java:186)
[        ] 	at org.gradle.internal.build.DefaultBuildLifecycleController.prepareToScheduleTasks(DefaultBuildLifecycleController.java:173)
[        ] 	at org.gradle.internal.buildtree.DefaultBuildTreeWorkPreparer.scheduleRequestedTasks(DefaultBuildTreeWorkPreparer.java:36)
[        ] 	at org.gradle.internal.cc.impl.VintageBuildTreeWorkController$scheduleAndRunRequestedTasks$1.apply(VintageBuildTreeWorkController.kt:36)
[        ] 	at org.gradle.internal.cc.impl.VintageBuildTreeWorkController$scheduleAndRunRequestedTasks$1.apply(VintageBuildTreeWorkController.kt:35)
[        ] 	at org.gradle.composite.internal.DefaultIncludedBuildTaskGraph.withNewWorkGraph(DefaultIncludedBuildTaskGraph.java:112)
[        ] 	at org.gradle.internal.cc.impl.VintageBuildTreeWorkController.scheduleAndRunRequestedTasks(VintageBuildTreeWorkController.kt:35)
[        ] 	at org.gradle.internal.buildtree.DefaultBuildTreeLifecycleController.lambda$scheduleAndRunTasks$1(DefaultBuildTreeLifecycleController.java:77)
[        ] 	at org.gradle.internal.buildtree.DefaultBuildTreeLifecycleController.lambda$runBuild$4(DefaultBuildTreeLifecycleController.java:120)
[        ] 	at org.gradle.internal.model.StateTransitionController.lambda$transition$6(StateTransitionController.java:169)
[        ] 	at org.gradle.internal.model.StateTransitionController.doTransition(StateTransitionController.java:266)
[        ] 	at org.gradle.internal.model.StateTransitionController.lambda$transition$7(StateTransitionController.java:169)
[        ] 	at org.gradle.internal.work.DefaultSynchronizer.withLock(DefaultSynchronizer.java:46)
[        ] 	at org.gradle.internal.model.StateTransitionController.transition(StateTransitionController.java:169)
[        ] 	at org.gradle.internal.buildtree.DefaultBuildTreeLifecycleController.runBuild(DefaultBuildTreeLifecycleController.java:117)
[        ] 	at org.gradle.internal.buildtree.DefaultBuildTreeLifecycleController.scheduleAndRunTasks(DefaultBuildTreeLifecycleController.java:77)
[        ] 	at org.gradle.internal.buildtree.DefaultBuildTreeLifecycleController.scheduleAndRunTasks(DefaultBuildTreeLifecycleController.java:72)
[        ] 	at org.gradle.tooling.internal.provider.ExecuteBuildActionRunner.run(ExecuteBuildActionRunner.java:31)
[        ] 	at org.gradle.launcher.exec.ChainingBuildActionRunner.run(ChainingBuildActionRunner.java:35)
[        ] 	at org.gradle.internal.buildtree.ProblemReportingBuildActionRunner.run(ProblemReportingBuildActionRunner.java:49)
[        ] 	at org.gradle.launcher.exec.BuildOutcomeReportingBuildActionRunner.run(BuildOutcomeReportingBuildActionRunner.java:71)
[        ] 	at org.gradle.tooling.internal.provider.FileSystemWatchingBuildActionRunner.run(FileSystemWatchingBuildActionRunner.java:135)
[        ] 	at org.gradle.launcher.exec.BuildCompletionNotifyingBuildActionRunner.run(BuildCompletionNotifyingBuildActionRunner.java:41)
[        ] 	at org.gradle.launcher.exec.RootBuildLifecycleBuildActionExecutor.lambda$execute$0(RootBuildLifecycleBuildActionExecutor.java:54)
[        ] 	at org.gradle.composite.internal.DefaultRootBuildState.run(DefaultRootBuildState.java:130)
[        ] 	at org.gradle.launcher.exec.RootBuildLifecycleBuildActionExecutor.execute(RootBuildLifecycleBuildActionExecutor.java:54)
[        ] 	at org.gradle.internal.buildtree.InitDeprecationLoggingActionExecutor.execute(InitDeprecationLoggingActionExecutor.java:62)
[        ] 	at org.gradle.internal.buildtree.InitProblems.execute(InitProblems.java:36)
[        ] 	at org.gradle.internal.buildtree.DefaultBuildTreeContext.execute(DefaultBuildTreeContext.java:40)
[        ] 	at org.gradle.launcher.exec.BuildTreeLifecycleBuildActionExecutor.lambda$execute$0(BuildTreeLifecycleBuildActionExecutor.java:71)
[        ] 	at org.gradle.internal.buildtree.BuildTreeState.run(BuildTreeState.java:60)
[        ] 	at org.gradle.launcher.exec.BuildTreeLifecycleBuildActionExecutor.execute(BuildTreeLifecycleBuildActionExecutor.java:71)
[        ] 	at org.gradle.launcher.exec.RunAsBuildOperationBuildActionExecutor$2.call(RunAsBuildOperationBuildActionExecutor.java:67)
[        ] 	at org.gradle.launcher.exec.RunAsBuildOperationBuildActionExecutor$2.call(RunAsBuildOperationBuildActionExecutor.java:63)
[        ] 	at org.gradle.internal.operations.DefaultBuildOperationRunner$CallableBuildOperationWorker.execute(DefaultBuildOperationRunner.java:210)
[        ] 	at org.gradle.internal.operations.DefaultBuildOperationRunner$CallableBuildOperationWorker.execute(DefaultBuildOperationRunner.java:205)
[        ] 	at org.gradle.internal.operations.DefaultBuildOperationRunner$2.execute(DefaultBuildOperationRunner.java:67)
[        ] 	at org.gradle.internal.operations.DefaultBuildOperationRunner$2.execute(DefaultBuildOperationRunner.java:60)
[        ] 	at org.gradle.internal.operations.DefaultBuildOperationRunner.execute(DefaultBuildOperationRunner.java:167)
[        ] 	at org.gradle.internal.operations.DefaultBuildOperationRunner.execute(DefaultBuildOperationRunner.java:60)
[        ] 	at org.gradle.internal.operations.DefaultBuildOperationRunner.call(DefaultBuildOperationRunner.java:54)
[        ] 	at org.gradle.launcher.exec.RunAsBuildOperationBuildActionExecutor.execute(RunAsBuildOperationBuildActionExecutor.java:63)
[        ] 	at org.gradle.launcher.exec.RunAsWorkerThreadBuildActionExecutor.lambda$execute$0(RunAsWorkerThreadBuildActionExecutor.java:36)
[        ] 	at org.gradle.internal.work.DefaultWorkerLeaseService.withLocks(DefaultWorkerLeaseService.java:263)
[        ] 	at org.gradle.internal.work.DefaultWorkerLeaseService.runAsWorkerThread(DefaultWorkerLeaseService.java:127)
[        ] 	at org.gradle.launcher.exec.RunAsWorkerThreadBuildActionExecutor.execute(RunAsWorkerThreadBuildActionExecutor.java:36)
[        ] 	at org.gradle.tooling.internal.provider.continuous.ContinuousBuildActionExecutor.execute(ContinuousBuildActionExecutor.java:110)
[        ] 	at org.gradle.tooling.internal.provider.SubscribableBuildActionExecutor.execute(SubscribableBuildActionExecutor.java:64)
[        ] 	at org.gradle.internal.session.DefaultBuildSessionContext.execute(DefaultBuildSessionContext.java:46)
[        ] 	at org.gradle.internal.buildprocess.execution.BuildSessionLifecycleBuildActionExecutor$ActionImpl.apply(BuildSessionLifecycleBuildActionExecutor.java:92)
[        ] 	at org.gradle.internal.buildprocess.execution.BuildSessionLifecycleBuildActionExecutor$ActionImpl.apply(BuildSessionLifecycleBuildActionExecutor.java:80)
[        ] 	at org.gradle.internal.session.BuildSessionState.run(BuildSessionState.java:73)
[        ] 	at org.gradle.internal.buildprocess.execution.BuildSessionLifecycleBuildActionExecutor.execute(BuildSessionLifecycleBuildActionExecutor.java:62)
[        ] 	at org.gradle.internal.buildprocess.execution.BuildSessionLifecycleBuildActionExecutor.execute(BuildSessionLifecycleBuildActionExecutor.java:41)
[        ] 	at org.gradle.internal.buildprocess.execution.StartParamsValidatingActionExecutor.execute(StartParamsValidatingActionExecutor.java:64)
[        ] 	at org.gradle.internal.buildprocess.execution.StartParamsValidatingActionExecutor.execute(StartParamsValidatingActionExecutor.java:32)
[        ] 	at org.gradle.internal.buildprocess.execution.SessionFailureReportingActionExecutor.execute(SessionFailureReportingActionExecutor.java:51)
[        ] 	at org.gradle.internal.buildprocess.execution.SessionFailureReportingActionExecutor.execute(SessionFailureReportingActionExecutor.java:39)
[        ] 	at org.gradle.internal.buildprocess.execution.SetupLoggingActionExecutor.execute(SetupLoggingActionExecutor.java:47)
[        ] 	at org.gradle.internal.buildprocess.execution.SetupLoggingActionExecutor.execute(SetupLoggingActionExecutor.java:31)
[        ] 	at org.gradle.launcher.daemon.server.exec.ExecuteBuild.doBuild(ExecuteBuild.java:70)
[        ] 	at org.gradle.launcher.daemon.server.exec.BuildCommandOnly.execute(BuildCommandOnly.java:37)
[        ] 	at org.gradle.launcher.daemon.server.api.DaemonCommandExecution.proceed(DaemonCommandExecution.java:104)
[        ] 	at org.gradle.launcher.daemon.server.exec.WatchForDisconnection.execute(WatchForDisconnection.java:39)
[        ] 	at org.gradle.launcher.daemon.server.api.DaemonCommandExecution.proceed(DaemonCommandExecution.java:104)
[        ] 	at org.gradle.launcher.daemon.server.exec.ResetDeprecationLogger.execute(ResetDeprecationLogger.java:29)
[        ] 	at org.gradle.launcher.daemon.server.api.DaemonCommandExecution.proceed(DaemonCommandExecution.java:104)
[        ] 	at org.gradle.launcher.daemon.server.exec.RequestStopIfSingleUsedDaemon.execute(RequestStopIfSingleUsedDaemon.java:35)
[        ] 	at org.gradle.launcher.daemon.server.api.DaemonCommandExecution.proceed(DaemonCommandExecution.java:104)
[        ] 	at org.gradle.launcher.daemon.server.exec.ForwardClientInput.lambda$execute$0(ForwardClientInput.java:40)
[        ] 	at org.gradle.internal.daemon.clientinput.ClientInputForwarder.forwardInput(ClientInputForwarder.java:80)
[        ] 	at org.gradle.launcher.daemon.server.exec.ForwardClientInput.execute(ForwardClientInput.java:37)
[        ] 	at org.gradle.launcher.daemon.server.api.DaemonCommandExecution.proceed(DaemonCommandExecution.java:104)
[        ] 	at org.gradle.launcher.daemon.server.exec.LogAndCheckHealth.execute(LogAndCheckHealth.java:64)
[        ] 	at org.gradle.launcher.daemon.server.api.DaemonCommandExecution.proceed(DaemonCommandExecution.java:104)
[        ] 	at org.gradle.launcher.daemon.server.exec.LogToClient.doBuild(LogToClient.java:63)
[        ] 	at org.gradle.launcher.daemon.server.exec.BuildCommandOnly.execute(BuildCommandOnly.java:37)
[        ] 	at org.gradle.launcher.daemon.server.api.DaemonCommandExecution.proceed(DaemonCommandExecution.java:104)
[        ] Watched directory hierarchies: []
[        ] 	at org.gradle.launcher.daemon.server.exec.EstablishBuildEnvironment.doBuild(EstablishBuildEnvironment.java:84)
[        ] 	at org.gradle.launcher.daemon.server.exec.BuildCommandOnly.execute(BuildCommandOnly.java:37)
[        ] 	at org.gradle.launcher.daemon.server.api.DaemonCommandExecution.proceed(DaemonCommandExecution.java:104)
[        ] 	at org.gradle.launcher.daemon.server.exec.StartBuildOrRespondWithBusy$1.run(StartBuildOrRespondWithBusy.java:52)
[        ] 	at org.gradle.launcher.daemon.server.DaemonStateCoordinator.lambda$runCommand$0(DaemonStateCoordinator.java:321)
[        ] 	at org.gradle.internal.concurrent.ExecutorPolicy$CatchAndRecordFailures.onExecute(ExecutorPolicy.java:64)
[        ] 	at org.gradle.internal.concurrent.AbstractManagedExecutor$1.run(AbstractManagedExecutor.java:48)
[        ] 	at java.base/java.util.concurrent.ThreadPoolExecutor.runWorker(ThreadPoolExecutor.java:1090)
[        ] 	at java.base/java.util.concurrent.ThreadPoolExecutor$Worker.run(ThreadPoolExecutor.java:614)
[        ] 	at java.base/java.lang.Thread.run(Thread.java:1474)
[        ] BUILD FAILED in 1s
[  +38 ms] Running Gradle task 'assembleDebug'... (completed in 1,617ms)
[+5536 ms] Error: Gradle task assembleDebug failed with exit code 1
[   +1 ms] "flutter run" took 9,293ms.
[  +94 ms] 
           #0      throwToolExit (package:flutter_tools/src/base/common.dart:34:3)
           #1      RunCommand.runCommand (package:flutter_tools/src/commands/run.dart:897:9)
           <asynchronous suspension>
           #2      FlutterCommand.run.<anonymous closure> (package:flutter_tools/src/runner/flutter_command.dart:1559:27)
           <asynchronous suspension>
           #3      AppContext.run.<anonymous closure> (package:flutter_tools/src/base/context.dart:154:19)
           <asynchronous suspension>
           #4      CommandRunner.runCommand (package:args/command_runner.dart:212:13)
           <asynchronous suspension>
           #5      FlutterCommandRunner.runCommand.<anonymous closure> (package:flutter_tools/src/runner/flutter_command_runner.dart:487:9)
           <asynchronous suspension>
           #6      AppContext.run.<anonymous closure> (package:flutter_tools/src/base/context.dart:154:19)
           <asynchronous suspension>
           #7      FlutterCommandRunner.runCommand (package:flutter_tools/src/runner/flutter_command_runner.dart:422:5)
           <asynchronous suspension>
           #8      run.<anonymous closure>.<anonymous closure> (package:flutter_tools/runner.dart:104:11)
           <asynchronous suspension>
           #9      AppContext.run.<anonymous closure> (package:flutter_tools/src/base/context.dart:154:19)
           <asynchronous suspension>
           #10     main (package:flutter_tools/executable.dart:103:3)
           <asynchronous suspension>


[        ] Running 3 shutdown hooks
[  +12 ms] Shutdown hooks complete
[ +144 ms] exiting with code 1
